{
  "version": 1,
  "generator": "mml2mid 5.30b (mml2mid64 fork)",
  "level": 2,
  "timebase": 48,
  "format": 1,
  "files": ["macro.mml"],
  "tracks": [
    {"index": 0, "kind": "tempo", "name": "", "channel": -1},
    {"index": 1, "kind": "mml", "name": "", "channel": 0, "trackid": "0A"}
  ],
  "tempo": [],
  "lines": [
    [1, 0, 0, 4],
    [1, 144, 0, 5],
    [1, 288, 0, 6]
  ],
  "events": [
    [1, 0, 0, "on", 60, 100, 0, 4],
    [1, 47, 0, "off", 60, 0, 0, 4],
    [1, 48, 0, "on", 62, 100, 0, 4],
    [1, 95, 0, "off", 62, 0, 0, 4],
    [1, 96, 0, "on", 64, 100, 0, 4],
    [1, 143, 0, "off", 64, 0, 0, 4],
    [1, 144, 0, "on", 65, 100, 0, 5],
    [1, 191, 0, "off", 65, 0, 0, 5],
    [1, 192, 0, "on", 67, 100, 0, 5],
    [1, 239, 0, "off", 67, 0, 0, 5],
    [1, 240, 0, "on", 69, 100, 0, 5],
    [1, 287, 0, "off", 69, 0, 0, 5],
    [1, 288, 0, "on", 71, 100, 0, 6],
    [1, 335, 0, "off", 71, 0, 0, 6]
  ]
}
