{
  "version": 1,
  "generator": "mml2mid 5.30b (mml2mid64 fork)",
  "level": 2,
  "timebase": 48,
  "format": 1,
  "files": ["tempo.mml"],
  "tracks": [
    {"index": 0, "kind": "tempo", "name": "", "channel": -1},
    {"index": 1, "kind": "mml", "name": "", "channel": 0, "trackid": "0A"}
  ],
  "tempo": [[0, 500000], [96, 666667]],
  "lines": [
    [0, 0, 0, 2],
    [0, 96, 0, 3],
    [1, 0, 0, 2],
    [1, 96, 0, 3]
  ],
  "events": [
    [0, 0, -1, "beat", 4, 4, 0, 2],
    [0, 0, -1, "tempo", 500000, 0, 0, 2],
    [0, 96, -1, "tempo", 666667, 0, 0, 3],
    [1, 0, 0, "on", 60, 100, 0, 2],
    [1, 47, 0, "off", 60, 0, 0, 2],
    [1, 48, 0, "on", 62, 100, 0, 2],
    [1, 95, 0, "off", 62, 0, 0, 2],
    [1, 96, 0, "on", 64, 100, 0, 3],
    [1, 143, 0, "off", 64, 0, 0, 3],
    [1, 144, 0, "on", 65, 100, 0, 3],
    [1, 191, 0, "off", 65, 0, 0, 3]
  ]
}
